I'm sorry, but errors were detected in your script. Please correct the
errors listed below, and try again.


File "game/script.rpy", line 160: end of line expected.
    scene bg food RiceNoodle.jpg
                            ^

Ren'Py Version: Ren'Py 7.3.5.606
Fri Feb 21 17:52:21 2020
